#! /usr/bin/vvp
:ivl_version "13.0 (stable)" "(v13_0)";
:ivl_delay_selection "TYPICAL";
:vpi_time_precision + 0;
:vpi_module "/usr/lib64/ivl/system.vpi";
:vpi_module "/usr/lib64/ivl/vhdl_sys.vpi";
:vpi_module "/usr/lib64/ivl/vhdl_textio.vpi";
:vpi_module "/usr/lib64/ivl/v2005_math.vpi";
:vpi_module "/usr/lib64/ivl/va_math.vpi";
:vpi_module "/usr/lib64/ivl/v2009.vpi";
S_0x55b3e25f7800 .scope package, "$unit" "$unit" 2 1;
 .timescale 0 0;
S_0x55b3e25f7990 .scope module, "tb" "tb" 3 9;
 .timescale 0 0;
v0x55b3e260d510_0 .var "t_a", 0 0;
v0x55b3e260d5b0_0 .var "t_b", 0 0;
v0x55b3e260d670_0 .var/str "vcd_file";
v0x55b3e260d710_0 .net "y_before", 0 0, v0x55b3e260c8d0_0;  1 drivers
v0x55b3e260d7e0_0 .net "y_df", 0 0, L_0x55b3e260d9a0;  1 drivers
v0x55b3e260d8d0_0 .net "y_intra", 0 0, v0x55b3e260d410_0;  1 drivers
S_0x55b3e25f8bb0 .scope module, "U_BEFORE" "and_beh_before" 3 15, 4 1 0, S_0x55b3e25f7990;
 .timescale 0 0;
    .port_info 0 /INPUT 1 "a";
    .port_info 1 /INPUT 1 "b";
    .port_info 2 /OUTPUT 1 "y";
v0x55b3e25e0f50_0 .net "a", 0 0, v0x55b3e260d510_0;  1 drivers
v0x55b3e260c810_0 .net "b", 0 0, v0x55b3e260d5b0_0;  1 drivers
v0x55b3e260c8d0_0 .var "y", 0 0;
E_0x55b3e25f9760 .event anyedge, v0x55b3e25e0f50_0, v0x55b3e260c810_0;
S_0x55b3e260c9f0 .scope module, "U_DF" "and_df" 3 14, 5 1 0, S_0x55b3e25f7990;
 .timescale 0 0;
    .port_info 0 /INPUT 1 "a";
    .port_info 1 /INPUT 1 "b";
    .port_info 2 /OUTPUT 1 "y";
L_0x55b3e260d9a0/d .functor AND 1, v0x55b3e260d510_0, v0x55b3e260d5b0_0, C4<1>, C4<1>;
L_0x55b3e260d9a0 .delay 1 (5,5,5) L_0x55b3e260d9a0/d;
v0x55b3e260cc40_0 .net "a", 0 0, v0x55b3e260d510_0;  alias, 1 drivers
v0x55b3e260cd00_0 .net "b", 0 0, v0x55b3e260d5b0_0;  alias, 1 drivers
v0x55b3e260cda0_0 .net "y", 0 0, L_0x55b3e260d9a0;  alias, 1 drivers
S_0x55b3e260ceb0 .scope module, "U_INTRA" "and_beh_intra" 3 16, 6 1 0, S_0x55b3e25f7990;
 .timescale 0 0;
    .port_info 0 /INPUT 1 "a";
    .port_info 1 /INPUT 1 "b";
    .port_info 2 /OUTPUT 1 "y";
v0x55b3e260d130_0 .var *"_ivl_0", 0 0; Local signal
v0x55b3e260d210_0 .net "a", 0 0, v0x55b3e260d510_0;  alias, 1 drivers
v0x55b3e260d320_0 .net "b", 0 0, v0x55b3e260d5b0_0;  alias, 1 drivers
v0x55b3e260d410_0 .var "y", 0 0;
    .scope S_0x55b3e25f8bb0;
T_0 ;
    %wait E_0x55b3e25f9760;
    %delay 5, 0;
    %load/vec4 v0x55b3e25e0f50_0;
    %load/vec4 v0x55b3e260c810_0;
    %and;
    %store/vec4 v0x55b3e260c8d0_0, 0, 1;
    %jmp T_0;
    .thread T_0, $push;
    .scope S_0x55b3e260ceb0;
T_1 ;
    %wait E_0x55b3e25f9760;
    %load/vec4 v0x55b3e260d210_0;
    %load/vec4 v0x55b3e260d320_0;
    %and;
    %store/vec4 v0x55b3e260d130_0, 0, 1;
    %pushi/vec4 5, 0, 64;
    %ix/vec4 4;
    %delayx 4;
    %load/vec4 v0x55b3e260d130_0;
    %store/vec4 v0x55b3e260d410_0, 0, 1;
    %jmp T_1;
    .thread T_1, $push;
    .scope S_0x55b3e25f7990;
T_2 ;
    %vpi_func 3 21 "$value$plusargs" 32, "vcd=%s", v0x55b3e260d670_0 {0 0 0};
    %cmpi/ne 0, 0, 32;
    %jmp/0xz  T_2.0, 4;
    %vpi_call/w 3 22 "$dumpfile", v0x55b3e260d670_0 {0 0 0};
    %vpi_call/w 3 23 "$dumpvars", 32'sb00000000000000000000000000000000, S_0x55b3e25f7990 {0 0 0};
T_2.0 ;
    %end;
    .thread T_2;
    .scope S_0x55b3e25f7990;
T_3 ;
    %pushi/vec4 0, 0, 1;
    %store/vec4 v0x55b3e260d510_0, 0, 1;
    %pushi/vec4 0, 0, 1;
    %store/vec4 v0x55b3e260d5b0_0, 0, 1;
    %delay 2, 0;
    %pushi/vec4 1, 0, 1;
    %store/vec4 v0x55b3e260d510_0, 0, 1;
    %pushi/vec4 0, 0, 1;
    %store/vec4 v0x55b3e260d5b0_0, 0, 1;
    %delay 2, 0;
    %pushi/vec4 1, 0, 1;
    %store/vec4 v0x55b3e260d510_0, 0, 1;
    %pushi/vec4 1, 0, 1;
    %store/vec4 v0x55b3e260d5b0_0, 0, 1;
    %delay 2, 0;
    %pushi/vec4 0, 0, 1;
    %store/vec4 v0x55b3e260d510_0, 0, 1;
    %pushi/vec4 1, 0, 1;
    %store/vec4 v0x55b3e260d5b0_0, 0, 1;
    %delay 2, 0;
    %pushi/vec4 1, 0, 1;
    %store/vec4 v0x55b3e260d510_0, 0, 1;
    %pushi/vec4 1, 0, 1;
    %store/vec4 v0x55b3e260d5b0_0, 0, 1;
    %delay 2, 0;
    %pushi/vec4 0, 0, 1;
    %store/vec4 v0x55b3e260d510_0, 0, 1;
    %pushi/vec4 0, 0, 1;
    %store/vec4 v0x55b3e260d5b0_0, 0, 1;
    %delay 2, 0;
    %pushi/vec4 1, 0, 1;
    %store/vec4 v0x55b3e260d510_0, 0, 1;
    %pushi/vec4 1, 0, 1;
    %store/vec4 v0x55b3e260d5b0_0, 0, 1;
    %delay 2, 0;
    %pushi/vec4 0, 0, 1;
    %store/vec4 v0x55b3e260d510_0, 0, 1;
    %pushi/vec4 0, 0, 1;
    %store/vec4 v0x55b3e260d5b0_0, 0, 1;
    %delay 10, 0;
    %vpi_call/w 3 39 "$finish" {0 0 0};
    %end;
    .thread T_3;
    .scope S_0x55b3e25f7990;
T_4 ;
    %vpi_call/w 3 43 "$monitor", $time, " a=%b b=%b | df=%b  before=%b  intra=%b", v0x55b3e260d510_0, v0x55b3e260d5b0_0, v0x55b3e260d7e0_0, v0x55b3e260d710_0, v0x55b3e260d8d0_0 {0 0 0};
    %end;
    .thread T_4;
# The file index is used to find the file name in the following table.
:file_names 7;
    "N/A";
    "<interactive>";
    "-";
    "tb.v";
    "add_beh_before.v";
    "add_df.v";
    "add_beh_intra.v";
