#! /usr/bin/vvp
:ivl_version "13.0 (stable)" "(v13_0)";
:ivl_delay_selection "TYPICAL";
:vpi_time_precision + 0;
:vpi_module "/usr/lib64/ivl/system.vpi";
:vpi_module "/usr/lib64/ivl/vhdl_sys.vpi";
:vpi_module "/usr/lib64/ivl/vhdl_textio.vpi";
:vpi_module "/usr/lib64/ivl/v2005_math.vpi";
:vpi_module "/usr/lib64/ivl/va_math.vpi";
:vpi_module "/usr/lib64/ivl/v2009.vpi";
S_0x55bb446c5600 .scope package, "$unit" "$unit" 2 1;
 .timescale 0 0;
S_0x55bb446c5790 .scope module, "tb" "tb" 3 4;
 .timescale 0 0;
v0x55bb447156a0_0 .net "t_dout", 7 0, v0x55bb44700e80_0;  1 drivers
v0x55bb44715790_0 .var "t_sel", 1 0;
v0x55bb44715860_0 .var/str "vcd_file";
S_0x55bb44700bb0 .scope module, "DUT" "lut" 3 11, 4 7 0, S_0x55bb446c5790;
 .timescale 0 0;
    .port_info 0 /INPUT 2 "sel";
    .port_info 1 /OUTPUT 8 "dout";
P_0x55bb446eb180 .param/l "DEPTH" 0 4 9, +C4<00000000000000000000000000000100>;
P_0x55bb446eb1c0 .param/l "WIDTH" 0 4 8, +C4<00000000000000000000000000001000>;
v0x55bb44700e80_0 .var "dout", 7 0;
v0x55bb44715360_0 .var/i "i", 31 0;
v0x55bb44715440 .array "mem", 3 0, 7 0;
v0x55bb44715560_0 .net "sel", 1 0, v0x55bb44715790_0;  1 drivers
v0x55bb44715440_0 .array/port v0x55bb44715440, 0;
v0x55bb44715440_1 .array/port v0x55bb44715440, 1;
v0x55bb44715440_2 .array/port v0x55bb44715440, 2;
E_0x55bb446feb20/0 .event anyedge, v0x55bb44715560_0, v0x55bb44715440_0, v0x55bb44715440_1, v0x55bb44715440_2;
v0x55bb44715440_3 .array/port v0x55bb44715440, 3;
E_0x55bb446feb20/1 .event anyedge, v0x55bb44715440_3;
E_0x55bb446feb20 .event/or E_0x55bb446feb20/0, E_0x55bb446feb20/1;
    .scope S_0x55bb44700bb0;
T_0 ;
    %pushi/vec4 0, 0, 32;
    %store/vec4 v0x55bb44715360_0, 0, 32;
T_0.0 ; Top of for-loop
    %load/vec4 v0x55bb44715360_0;
    %cmpi/s 4, 0, 32;
	  %jmp/0xz T_0.1, 5;
    %load/vec4 v0x55bb44715360_0;
    %load/vec4 v0x55bb44715360_0;
    %mul;
    %pad/s 8;
    %ix/getv/s 4, v0x55bb44715360_0;
    %store/vec4a v0x55bb44715440, 4, 0;
T_0.2 ; for-loop step statement
    %load/vec4 v0x55bb44715360_0;
    %addi 1, 0, 32;
    %store/vec4 v0x55bb44715360_0, 0, 32;
    %jmp T_0.0;
T_0.1 ; for-loop exit label
    %end;
    .thread T_0;
    .scope S_0x55bb44700bb0;
T_1 ;
    %wait E_0x55bb446feb20;
    %load/vec4 v0x55bb44715560_0;
    %pad/u 4;
    %ix/vec4 4;
    %load/vec4a v0x55bb44715440, 4;
    %store/vec4 v0x55bb44700e80_0, 0, 8;
    %jmp T_1;
    .thread T_1, $push;
    .scope S_0x55bb446c5790;
T_2 ;
    %vpi_func 3 19 "$value$plusargs" 32, "vcd=%s", v0x55bb44715860_0 {0 0 0};
    %cmpi/ne 0, 0, 32;
    %jmp/0xz  T_2.0, 4;
    %vpi_call/w 3 20 "$dumpfile", v0x55bb44715860_0 {0 0 0};
    %vpi_call/w 3 21 "$dumpvars", 32'sb00000000000000000000000000000000, S_0x55bb44700bb0 {0 0 0};
T_2.0 ;
    %end;
    .thread T_2;
    .scope S_0x55bb446c5790;
T_3 ;
    %pushi/vec4 0, 0, 2;
    %store/vec4 v0x55bb44715790_0, 0, 2;
    %delay 5, 0;
    %pushi/vec4 1, 0, 2;
    %store/vec4 v0x55bb44715790_0, 0, 2;
    %delay 5, 0;
    %pushi/vec4 2, 0, 2;
    %store/vec4 v0x55bb44715790_0, 0, 2;
    %delay 5, 0;
    %pushi/vec4 3, 0, 2;
    %store/vec4 v0x55bb44715790_0, 0, 2;
    %delay 5, 0;
    %vpi_call/w 3 31 "$finish" {0 0 0};
    %end;
    .thread T_3;
    .scope S_0x55bb446c5790;
T_4 ;
    %vpi_call/w 3 35 "$monitor", $time, " sel=%b | dout=%d", v0x55bb44715790_0, v0x55bb447156a0_0 {0 0 0};
    %end;
    .thread T_4;
# The file index is used to find the file name in the following table.
:file_names 5;
    "N/A";
    "<interactive>";
    "-";
    "tb.v";
    "lut.v";
