#! /usr/bin/vvp
:ivl_version "13.0 (stable)" "(v13_0)";
:ivl_delay_selection "TYPICAL";
:vpi_time_precision + 0;
:vpi_module "/usr/lib64/ivl/system.vpi";
:vpi_module "/usr/lib64/ivl/vhdl_sys.vpi";
:vpi_module "/usr/lib64/ivl/vhdl_textio.vpi";
:vpi_module "/usr/lib64/ivl/v2005_math.vpi";
:vpi_module "/usr/lib64/ivl/va_math.vpi";
:vpi_module "/usr/lib64/ivl/v2009.vpi";
S_0x562eee9dd600 .scope package, "$unit" "$unit" 2 1;
 .timescale 0 0;
S_0x562eee9dd790 .scope module, "tb" "tb" 3 4;
 .timescale 0 0;
v0x562eeea33760_0 .var "A", 1 0;
v0x562eeea33840_0 .var "B", 1 0;
v0x562eeea338e0_0 .net "EQ", 0 0, L_0x562eeea34010;  1 drivers
v0x562eeea33980_0 .net "GT", 0 0, L_0x562eeea34170;  1 drivers
v0x562eeea33a20_0 .net "LT", 0 0, L_0x562eeea34260;  1 drivers
v0x562eeea33b10_0 .var/i "errors", 31 0;
v0x562eeea33bb0_0 .var "exp_EQ", 0 0;
v0x562eeea33c50_0 .var "exp_GT", 0 0;
v0x562eeea33cf0_0 .var "exp_LT", 0 0;
v0x562eeea33d90_0 .var/i "i", 31 0;
v0x562eeea33e70_0 .var/i "j", 31 0;
v0x562eeea33f50_0 .var/str "vcd_file";
S_0x562eeea1cb60 .scope module, "DUT" "comp2" 3 12, 4 11 0, S_0x562eee9dd790;
 .timescale 0 0;
    .port_info 0 /INPUT 2 "A";
    .port_info 1 /INPUT 2 "B";
    .port_info 2 /OUTPUT 1 "GT";
    .port_info 3 /OUTPUT 1 "LT";
    .port_info 4 /OUTPUT 1 "EQ";
v0x562eeea1cdf0_0 .net "A", 1 0, v0x562eeea33760_0;  1 drivers
v0x562eeea33370_0 .net "B", 1 0, v0x562eeea33840_0;  1 drivers
v0x562eeea33450_0 .net "EQ", 0 0, L_0x562eeea34010;  alias, 1 drivers
v0x562eeea334f0_0 .net "GT", 0 0, L_0x562eeea34170;  alias, 1 drivers
v0x562eeea335b0_0 .net "LT", 0 0, L_0x562eeea34260;  alias, 1 drivers
L_0x562eeea34010 .cmp/eq 2, v0x562eeea33760_0, v0x562eeea33840_0;
L_0x562eeea34170 .cmp/gt 2, v0x562eeea33760_0, v0x562eeea33840_0;
L_0x562eeea34260 .cmp/gt 2, v0x562eeea33840_0, v0x562eeea33760_0;
    .scope S_0x562eee9dd790;
T_0 ;
    %pushi/vec4 0, 0, 32;
    %store/vec4 v0x562eeea33b10_0, 0, 32;
    %end;
    .thread T_0, $init;
    .scope S_0x562eee9dd790;
T_1 ;
    %vpi_func 3 22 "$value$plusargs" 32, "vcd=%s", v0x562eeea33f50_0 {0 0 0};
    %cmpi/ne 0, 0, 32;
    %jmp/0xz  T_1.0, 4;
    %vpi_call/w 3 23 "$dumpfile", v0x562eeea33f50_0 {0 0 0};
    %vpi_call/w 3 24 "$dumpvars", 32'sb00000000000000000000000000000000, S_0x562eeea1cb60 {0 0 0};
T_1.0 ;
    %end;
    .thread T_1;
    .scope S_0x562eee9dd790;
T_2 ;
    %pushi/vec4 0, 0, 32;
    %store/vec4 v0x562eeea33d90_0, 0, 32;
T_2.0 ; Top of for-loop
    %load/vec4 v0x562eeea33d90_0;
    %cmpi/s 4, 0, 32;
	  %jmp/0xz T_2.1, 5;
    %pushi/vec4 0, 0, 32;
    %store/vec4 v0x562eeea33e70_0, 0, 32;
T_2.3 ; Top of for-loop
    %load/vec4 v0x562eeea33e70_0;
    %cmpi/s 4, 0, 32;
	  %jmp/0xz T_2.4, 5;
    %load/vec4 v0x562eeea33d90_0;
    %parti/s 2, 0, 2;
    %store/vec4 v0x562eeea33760_0, 0, 2;
    %load/vec4 v0x562eeea33e70_0;
    %parti/s 2, 0, 2;
    %store/vec4 v0x562eeea33840_0, 0, 2;
    %delay 5, 0;
    %load/vec4 v0x562eeea33840_0;
    %load/vec4 v0x562eeea33760_0;
    %cmp/u;
    %flag_get/vec4 5;
    %store/vec4 v0x562eeea33c50_0, 0, 1;
    %load/vec4 v0x562eeea33760_0;
    %load/vec4 v0x562eeea33840_0;
    %cmp/u;
    %flag_get/vec4 5;
    %store/vec4 v0x562eeea33cf0_0, 0, 1;
    %load/vec4 v0x562eeea33760_0;
    %load/vec4 v0x562eeea33840_0;
    %cmp/e;
    %flag_get/vec4 4;
    %store/vec4 v0x562eeea33bb0_0, 0, 1;
    %load/vec4 v0x562eeea33980_0;
    %load/vec4 v0x562eeea33c50_0;
    %cmp/ne;
    %jmp/1 T_2.9, 6;
    %flag_mov 8, 6;
    %load/vec4 v0x562eeea33a20_0;
    %load/vec4 v0x562eeea33cf0_0;
    %cmp/ne;
    %flag_or 6, 8;
T_2.9;
    %jmp/1 T_2.8, 6;
    %flag_mov 8, 6;
    %load/vec4 v0x562eeea338e0_0;
    %load/vec4 v0x562eeea33bb0_0;
    %cmp/ne;
    %flag_or 6, 8;
T_2.8;
    %jmp/0xz  T_2.6, 6;
    %vpi_call/w 3 44 "$display", "ERROR at time %0t: A=%b B=%b | DUT (GT:%b LT:%b EQ:%b) | EXP (GT:%b LT:%b EQ:%b)", $time, v0x562eeea33760_0, v0x562eeea33840_0, v0x562eeea33980_0, v0x562eeea33a20_0, v0x562eeea338e0_0, v0x562eeea33c50_0, v0x562eeea33cf0_0, v0x562eeea33bb0_0 {0 0 0};
    %load/vec4 v0x562eeea33b10_0;
    %addi 1, 0, 32;
    %store/vec4 v0x562eeea33b10_0, 0, 32;
T_2.6 ;
T_2.5 ; for-loop step statement
    %load/vec4 v0x562eeea33e70_0;
    %addi 1, 0, 32;
    %store/vec4 v0x562eeea33e70_0, 0, 32;
    %jmp T_2.3;
T_2.4 ; for-loop exit label
T_2.2 ; for-loop step statement
    %load/vec4 v0x562eeea33d90_0;
    %addi 1, 0, 32;
    %store/vec4 v0x562eeea33d90_0, 0, 32;
    %jmp T_2.0;
T_2.1 ; for-loop exit label
    %load/vec4 v0x562eeea33b10_0;
    %cmpi/e 0, 0, 32;
    %jmp/0xz  T_2.10, 4;
    %vpi_call/w 3 52 "$display", "SUCCESS: All tests passed!" {0 0 0};
    %jmp T_2.11;
T_2.10 ;
    %vpi_call/w 3 54 "$display", "FAILED: %0d errors found.", v0x562eeea33b10_0 {0 0 0};
T_2.11 ;
    %vpi_call/w 3 56 "$finish" {0 0 0};
    %end;
    .thread T_2;
# The file index is used to find the file name in the following table.
:file_names 5;
    "N/A";
    "<interactive>";
    "-";
    "tb.v";
    "comp2.v";
