#! /usr/bin/vvp
:ivl_version "13.0 (stable)" "(v13_0)";
:ivl_delay_selection "TYPICAL";
:vpi_time_precision + 0;
:vpi_module "/usr/lib64/ivl/system.vpi";
:vpi_module "/usr/lib64/ivl/vhdl_sys.vpi";
:vpi_module "/usr/lib64/ivl/vhdl_textio.vpi";
:vpi_module "/usr/lib64/ivl/v2005_math.vpi";
:vpi_module "/usr/lib64/ivl/va_math.vpi";
:vpi_module "/usr/lib64/ivl/v2009.vpi";
S_0x55bb4b704600 .scope package, "$unit" "$unit" 2 1;
 .timescale 0 0;
S_0x55bb4b704790 .scope module, "tb" "tb" 3 3;
 .timescale 0 0;
v0x55bb4b755df0_0 .var "a", 3 0;
v0x55bb4b755ed0_0 .var "b", 3 0;
v0x55bb4b755f70_0 .var "op", 0 0;
v0x55bb4b756040_0 .net "result", 3 0, v0x55bb4b755c90_0;  1 drivers
v0x55bb4b756110_0 .var/str "vcd_file";
S_0x55bb4b740ab0 .scope module, "DUT" "alu" 3 10, 4 15 0, S_0x55bb4b704790;
 .timescale 0 0;
    .port_info 0 /INPUT 4 "a";
    .port_info 1 /INPUT 4 "b";
    .port_info 2 /INPUT 1 "op";
    .port_info 3 /OUTPUT 4 "result";
v0x55bb4b740c90_0 .net "a", 3 0, v0x55bb4b755df0_0;  1 drivers
v0x55bb4b755900_0 .net "b", 3 0, v0x55bb4b755ed0_0;  1 drivers
v0x55bb4b7559e0_0 .var "b_inv", 3 0;
v0x55bb4b755aa0_0 .var "b_twos", 3 0;
v0x55bb4b755b80_0 .net "op", 0 0, v0x55bb4b755f70_0;  1 drivers
v0x55bb4b755c90_0 .var "result", 3 0;
E_0x55bb4b73e230/0 .event anyedge, v0x55bb4b755b80_0, v0x55bb4b740c90_0, v0x55bb4b755900_0, v0x55bb4b7559e0_0;
E_0x55bb4b73e230/1 .event anyedge, v0x55bb4b755aa0_0;
E_0x55bb4b73e230 .event/or E_0x55bb4b73e230/0, E_0x55bb4b73e230/1;
    .scope S_0x55bb4b740ab0;
T_0 ;
    %wait E_0x55bb4b73e230;
    %load/vec4 v0x55bb4b755b80_0;
    %dup/vec4;
    %pushi/vec4 0, 0, 1;
    %cmp/u;
    %jmp/1 T_0.0, 6;
    %dup/vec4;
    %pushi/vec4 1, 0, 1;
    %cmp/u;
    %jmp/1 T_0.1, 6;
    %jmp T_0.2;
T_0.0 ;
    %load/vec4 v0x55bb4b740c90_0;
    %load/vec4 v0x55bb4b755900_0;
    %add;
    %store/vec4 v0x55bb4b755c90_0, 0, 4;
    %jmp T_0.2;
T_0.1 ;
    %load/vec4 v0x55bb4b755900_0;
    %inv;
    %store/vec4 v0x55bb4b7559e0_0, 0, 4;
    %load/vec4 v0x55bb4b7559e0_0;
    %addi 1, 0, 4;
    %store/vec4 v0x55bb4b755aa0_0, 0, 4;
    %load/vec4 v0x55bb4b740c90_0;
    %load/vec4 v0x55bb4b755aa0_0;
    %add;
    %store/vec4 v0x55bb4b755c90_0, 0, 4;
    %jmp T_0.2;
T_0.2 ;
    %pop/vec4 1;
    %jmp T_0;
    .thread T_0, $push;
    .scope S_0x55bb4b704790;
T_1 ;
    %vpi_func 3 19 "$value$plusargs" 32, "vcd=%s", v0x55bb4b756110_0 {0 0 0};
    %cmpi/ne 0, 0, 32;
    %jmp/0xz  T_1.0, 4;
    %vpi_call/w 3 20 "$dumpfile", v0x55bb4b756110_0 {0 0 0};
    %vpi_call/w 3 21 "$dumpvars", 32'sb00000000000000000000000000000000, S_0x55bb4b740ab0 {0 0 0};
T_1.0 ;
    %end;
    .thread T_1;
    .scope S_0x55bb4b704790;
T_2 ;
    %pushi/vec4 5, 0, 4;
    %store/vec4 v0x55bb4b755df0_0, 0, 4;
    %pushi/vec4 3, 0, 4;
    %store/vec4 v0x55bb4b755ed0_0, 0, 4;
    %pushi/vec4 0, 0, 1;
    %store/vec4 v0x55bb4b755f70_0, 0, 1;
    %delay 10, 0;
    %pushi/vec4 1, 0, 1;
    %store/vec4 v0x55bb4b755f70_0, 0, 1;
    %delay 10, 0;
    %pushi/vec4 8, 0, 4;
    %store/vec4 v0x55bb4b755df0_0, 0, 4;
    %pushi/vec4 2, 0, 4;
    %store/vec4 v0x55bb4b755ed0_0, 0, 4;
    %pushi/vec4 1, 0, 1;
    %store/vec4 v0x55bb4b755f70_0, 0, 1;
    %delay 10, 0;
    %delay 10, 0;
    %vpi_call/w 3 41 "$finish" {0 0 0};
    %end;
    .thread T_2;
    .scope S_0x55bb4b704790;
T_3 ;
    %vpi_call/w 3 45 "$monitor", $time, " a=%d b=%d op=%b | result=%d", v0x55bb4b755df0_0, v0x55bb4b755ed0_0, v0x55bb4b755f70_0, v0x55bb4b756040_0 {0 0 0};
    %end;
    .thread T_3;
# The file index is used to find the file name in the following table.
:file_names 5;
    "N/A";
    "<interactive>";
    "-";
    "tb.v";
    "alu.v";
